// Bun Snapshot v1, https://bun.sh/docs/test/snapshots

exports[`getDefiningFiles walk imports from walk_imports.ts 1`] = `
[
  "src/common/file_finder.ts",
  "src/logging.ts",
  "src/rmfilter/dependency_graph/filenames.ts",
  "src/rmfilter/dependency_graph/resolve.ts",
  "src/rmfilter/treesitter/extract.ts",
]
`;

exports[`getDefiningFiles walk imports from apply-llm-edits.ts 1`] = `[]`;
