// Bun Snapshot v1, https://goo.gl/fbAQLP

exports[`walk imports from apply-llm-edits.ts 1`] = `
[
  "/Users/dimfeld/Documents/projects/llmutils/src/editor/diff-editor/parse.ts",
  "/Users/dimfeld/Documents/projects/llmutils/src/editor/udiff-simple/parse.ts",
  "/Users/dimfeld/Documents/projects/llmutils/src/editor/whole-file/parse_raw_edits.ts",
  "/Users/dimfeld/Documents/projects/llmutils/src/editor/xml/parse_xml.ts",
]
`;
