// Bun Snapshot v1, https://goo.gl/fbAQLP

exports[`walk imports from walk_imports.ts 1`] = `
[
  "/Users/dimfeld/Documents/projects/llmutils/src/dependency_graph/resolve.ts",
  "/Users/dimfeld/Documents/projects/llmutils/src/logging.ts",
  "/Users/dimfeld/Documents/projects/llmutils/src/treesitter/extract.ts",
]
`;

exports[`walk imports from apply-llm-edits.ts 1`] = `
[
  "src/editor/diff-editor/parse.ts",
  "src/editor/udiff-simple/parse.ts",
  "src/editor/whole-file/parse_raw_edits.ts",
  "src/editor/xml/parse_xml.ts",
  "src/rmfilter/utils.ts",
]
`;
